// Vitest Snapshot v1, https://vitest.dev/guide/snapshot.html

exports[`Layout > renders correctly 1`] = `
<div
  class="d_grid gap_2.5rem h_full w_full grid-tr_1fr_auto_1fr p_2.5rem lh_0.8 ff_Digital7Mono c_black dark:c_white"
>
  <div>
    Header
  </div>
  <div>
    Content
  </div>
  <div>
    Footer
  </div>
</div>
`;
