// Vitest Snapshot v1

exports[`colors 1`] = `
{
  "black": "#000000",
  "dark1": "#202124",
  "lightGrey": "#eeeeee",
  "white": "#ffffff",
}
`;

exports[`fonts 1`] = `
{
  "Digital7Mono": "Digital-7Mono",
  "HelveticaNeue": "\\"Helvetica Neue\\", Helvetica",
}
`;

exports[`media 1`] = `
{
  "beforeSmall": "(max-width: 599px)",
  "darkScheme": "(prefers-color-scheme: dark)",
}
`;
