// Vitest Snapshot v1, https://vitest.dev/guide/snapshot.html

exports[`SettingsButton > renders a button 1`] = `
<button
  aria-disabled="false"
  class="w_2rem h_2rem flex_0_0_auto c_neutral.700 dark:c_neutral.300 hover:c_black hover:dark:c_white ap_none p_0.25rem bg_transparent bd_none cursor_pointer disabled:cursor_default trs_0.1s_color_ease-out fs_1.5rem group"
  title="Open settings"
  type="button"
>
  <svg
    aria-hidden="true"
    class="w_1em h_1em trf_rotate(0deg) groupHover:trf_rotate(22.5deg) trs_0.1s_transform_ease-out"
    viewBox="0 0 24 24"
    xmlns="http://www.w3.org/2000/svg"
  >
    <g
      fill="none"
      fill-rule="evenodd"
      stroke="currentColor"
      stroke-width="1.161"
    >
      <path
        d="M15.45.658c.743.226 1.456.523 2.13.883l-.262 5.141 5.141-.262c.36.674.657 1.386.883 2.13L19.521 12l3.821 3.45a11.775 11.775 0 0 1-.884 2.13l-5.14-.262.262 5.14c-.674.36-1.386.658-2.13.884L12 19.52l-3.45 3.822a11.775 11.775 0 0 1-2.13-.883l.262-5.141-5.14.263a11.775 11.775 0 0 1-.884-2.131L4.48 12 .658 8.55c.226-.744.523-1.456.883-2.13l5.141.262-.262-5.14C7.094 1.18 7.807.883 8.551.657l3.45 3.822Z"
      />
      <circle
        cx="11.963"
        cy="11.963"
        r="4.065"
      />
    </g>
  </svg>
</button>
`;
